2026-08-18T15:34:58.125 pid=26964 tid=11356 marker=process.start
2026-08-18T15:34:58.126 pid=26964 tid=11356 marker=registry.init.begin
2026-08-18T15:34:58.127 pid=26964 tid=11356 marker=registry.init.complete
2026-08-18T15:34:58.128 pid=26964 tid=11356 marker=folder-cache.init.begin
2026-08-18T15:34:58.155 pid=26964 tid=11356 marker=folder-cache.init.complete
2026-08-18T15:34:58.156 pid=26964 tid=11356 marker=config.lwc.init.begin
2026-08-18T15:34:58.157 pid=26964 tid=11356 marker=config.lwc.init.complete
2026-08-18T15:34:58.158 pid=26964 tid=11356 marker=command-line.parse0.begin
2026-08-18T15:34:58.159 pid=26964 tid=11356 marker=command-line.parse0.complete
2026-08-18T15:34:58.160 pid=26964 tid=11356 marker=config-load.begin
2026-08-18T15:34:58.484 pid=26964 tid=11356 marker=graphics.render-thread.start.begin
2026-08-18T15:34:58.715 pid=26964 tid=11356 marker=graphics.render-thread.start.complete
2026-08-18T15:34:58.748 pid=26964 tid=11356 marker=graphics.settings.apply.begin
2026-08-18T15:34:58.817 pid=26964 tid=11356 marker=graphics.settings.apply.complete
2026-08-18T15:34:58.818 pid=26964 tid=11356 marker=config-load.complete
2026-08-18T15:34:58.819 pid=26964 tid=11356 marker=command-line.parse.begin
2026-08-18T15:34:58.819 pid=26964 tid=11356 marker=direct-db.argument
2026-08-18T15:34:58.821 pid=26964 tid=11356 marker=command-line.parse.complete
2026-08-18T15:34:58.822 pid=26964 tid=11356 marker=graphics-audio-input.load.begin
2026-08-18T15:34:58.823 pid=26964 tid=11356 marker=graphics-audio-input.init.begin
2026-08-18T15:34:58.823 pid=26964 tid=11356 marker=input.clear.complete
2026-08-18T15:34:58.823 pid=26964 tid=11356 marker=graphics.renderer.finalize.begin
2026-08-18T15:34:58.824 pid=26964 tid=11356 marker=graphics.renderer.init-command.begin
2026-08-18T15:34:58.825 pid=26964 tid=11356 marker=graphics.renderer.flush.begin
2026-08-18T15:34:59.198 pid=26964 tid=11356 marker=graphics.renderer.flush.complete
2026-08-18T15:34:59.247 pid=26964 tid=11356 marker=graphics.renderer.finalize.complete
2026-08-18T15:34:59.251 pid=26964 tid=11356 marker=audio.init.begin
2026-08-18T15:34:59.256 pid=26964 tid=11356 marker=audio.init.complete
2026-08-18T15:34:59.919 pid=26964 tid=11356 marker=graphics-audio-input.init.complete
2026-08-18T15:34:59.921 pid=26964 tid=11356 marker=graphics-audio-input.load.complete
2026-08-18T15:34:59.922 pid=26964 tid=11356 marker=window.init.begin
2026-08-18T15:34:59.923 pid=26964 tid=11356 marker=window.resize.complete
2026-08-18T15:34:59.924 pid=26964 tid=11356 marker=input.startup.begin
2026-08-18T15:35:00.056 pid=26964 tid=11356 marker=input.startup.complete
2026-08-18T15:35:00.071 pid=26964 tid=11356 marker=window.show.begin
2026-08-18T15:35:00.094 pid=26964 tid=11356 marker=window.show.complete
2026-08-18T15:35:00.100 pid=26964 tid=11356 marker=window.init.complete
2026-08-18T15:35:00.100 pid=26964 tid=11356 marker=network.init.begin
2026-08-18T15:35:00.102 pid=26964 tid=11356 marker=network.socket.init.complete
2026-08-18T15:35:00.103 pid=26964 tid=11356 marker=network.init.complete
2026-08-18T15:35:00.103 pid=26964 tid=11356 marker=resume-info.load.begin
2026-08-18T15:35:00.104 pid=26964 tid=11356 marker=resume-info.load.complete
2026-08-18T15:35:00.105 pid=26964 tid=11356 marker=credentials.apply.begin
2026-08-18T15:35:00.105 pid=26964 tid=11356 marker=credentials.apply.complete
2026-08-18T15:35:00.105 pid=26964 tid=11356 marker=data-load.call.begin
2026-08-18T15:35:00.106 pid=26964 tid=11356 marker=data-load.begin
2026-08-18T15:35:01.404 pid=26964 tid=11356 marker=network.comm-init.complete
2026-08-18T15:35:05.481 pid=26964 tid=11356 marker=data-load.complete
2026-08-18T15:35:05.482 pid=26964 tid=11356 marker=data-load.call.complete
2026-08-18T15:35:05.482 pid=26964 tid=11356 marker=game.before-loop.begin
2026-08-18T15:35:05.482 pid=26964 tid=11356 marker=login.quick.begin
2026-08-18T15:35:05.483 pid=26964 tid=11356 marker=login.auth.request
2026-08-18T15:35:05.483 pid=26964 tid=11356 marker=auth.login.begin
2026-08-18T15:35:05.484 pid=26964 tid=11356 marker=auth.login.direct-db.synthesis.begin
2026-08-18T15:35:05.488 pid=26964 tid=11356 marker=auth.login.direct-db.synthesis.complete
2026-08-18T15:35:05.527 pid=26964 tid=11356 marker=login.auth.complete
2026-08-18T15:35:05.529 pid=26964 tid=11356 marker=login.db.request
2026-08-18T15:35:05.530 pid=26964 tid=11356 marker=login.dbconnect.call.begin
2026-08-18T15:35:05.530 pid=26964 tid=11356 marker=db.login.begin
2026-08-18T15:35:05.535 pid=26964 tid=11356 marker=db.socket.connected
2026-08-18T15:35:05.556 pid=26964 tid=11356 marker=db.login.request-sent
2026-08-18T15:35:05.610 pid=26964 tid=11356 marker=db.login.response.players
2026-08-18T15:35:05.610 pid=26964 tid=11356 marker=login.dbconnect.call.complete
2026-08-18T15:35:05.610 pid=26964 tid=11356 marker=login.db.complete
2026-08-18T15:35:05.611 pid=26964 tid=11356 marker=character.selection.resume.begin
2026-08-18T15:35:05.611 pid=26964 tid=11356 marker=character.choose.request
2026-08-18T15:35:05.757 pid=26964 tid=11356 marker=db.map-connect.packet
2026-08-18T15:35:05.757 pid=26964 tid=11356 marker=character.choose.map-connect.response
2026-08-18T15:35:05.758 pid=26964 tid=11356 marker=character.choose.complete
2026-08-18T15:35:05.758 pid=26964 tid=11356 marker=character.selection.resume.complete
2026-08-18T15:35:05.761 pid=26964 tid=11356 marker=map.handoff.resume.begin
2026-08-18T15:35:05.762 pid=26964 tid=11356 marker=map.connect.begin
2026-08-18T15:35:05.851 pid=26964 tid=11356 marker=map.connect.start.complete
2026-08-18T15:35:05.887 pid=26964 tid=11356 marker=map.shortcuts.complete
2026-08-18T15:35:05.887 pid=26964 tid=11356 marker=map.connection.resume.complete
2026-08-18T15:35:05.888 pid=26964 tid=11356 marker=map.scene.resume.request
2026-08-18T15:35:05.888 pid=26964 tid=11356 marker=map.scene.request
2026-08-18T15:35:12.609 pid=26964 tid=11356 marker=map.scene.groups.complete
2026-08-18T15:35:12.890 pid=26964 tid=11356 marker=map.scene.entities.complete
2026-08-18T15:35:13.120 pid=26964 tid=11356 marker=map.scene.complete
2026-08-18T15:35:13.121 pid=26964 tid=11356 marker=map.scene.resume.complete
2026-08-18T15:35:13.121 pid=26964 tid=11356 marker=login.quick.complete
2026-08-18T15:35:13.124 pid=26964 tid=11356 marker=game.before-loop.login-complete
2026-08-18T15:35:13.126 pid=26964 tid=11356 marker=game.before-loop.complete
2026-08-18T15:35:13.127 pid=26964 tid=11356 marker=game-loop.call.begin
2026-08-18T15:35:13.129 pid=26964 tid=11356 marker=game-loop.enter
2026-08-18T15:35:13.130 pid=26964 tid=11356 marker=game-loop.engine-update.begin
2026-08-18T15:35:13.181 pid=26964 tid=11356 marker=game-loop.engine-update.complete
2026-08-18T15:35:13.181 pid=26964 tid=11356 marker=capture.wait comm=1 player=1 camera=0 mode=3 menu=0
2026-08-18T15:35:13.436 pid=26964 tid=11356 marker=capture.readiness.ready
2026-08-18T15:35:13.436 pid=26964 tid=11356 marker=capture.water state=2 waterFeature=1 multiFeature=1
2026-08-18T15:35:13.437 pid=26964 tid=11356 marker=capture.camera.fixed pos=100.00 105.48 -650.00
2026-08-18T15:35:13.437 pid=26964 tid=11356 marker=capture.camera.state cam=100.00 111.75 -658.38 pyr=0.0000 3.1416 0.0000 target=-0.0000 3.1416 0.0000
2026-08-18T15:35:15.490 pid=26964 tid=11356 marker=capture.camera.screenshot-state cam=100.00 111.75 -678.96 pyr=0.0000 3.1416 0.0000 target=0.0000 3.1416 0.0000
2026-08-18T15:35:15.491 pid=26964 tid=11356 marker=capture.screenshot.request
2026-08-18T15:35:15.546 pid=26964 tid=11356 marker=capture.quit.request
