2026-08-18T15:59:49.264 pid=12900 tid=15076 marker=process.start
2026-08-18T15:59:49.265 pid=12900 tid=15076 marker=registry.init.begin
2026-08-18T15:59:49.267 pid=12900 tid=15076 marker=registry.init.complete
2026-08-18T15:59:49.268 pid=12900 tid=15076 marker=folder-cache.init.begin
2026-08-18T15:59:49.295 pid=12900 tid=15076 marker=folder-cache.init.complete
2026-08-18T15:59:49.296 pid=12900 tid=15076 marker=config.lwc.init.begin
2026-08-18T15:59:49.298 pid=12900 tid=15076 marker=config.lwc.init.complete
2026-08-18T15:59:49.299 pid=12900 tid=15076 marker=command-line.parse0.begin
2026-08-18T15:59:49.300 pid=12900 tid=15076 marker=command-line.parse0.complete
2026-08-18T15:59:49.301 pid=12900 tid=15076 marker=config-load.begin
2026-08-18T15:59:49.635 pid=12900 tid=15076 marker=graphics.render-thread.start.begin
2026-08-18T15:59:49.909 pid=12900 tid=15076 marker=graphics.render-thread.start.complete
2026-08-18T15:59:49.943 pid=12900 tid=15076 marker=graphics.settings.apply.begin
2026-08-18T15:59:50.008 pid=12900 tid=15076 marker=graphics.settings.apply.complete
2026-08-18T15:59:50.010 pid=12900 tid=15076 marker=config-load.complete
2026-08-18T15:59:50.011 pid=12900 tid=15076 marker=command-line.parse.begin
2026-08-18T15:59:50.011 pid=12900 tid=15076 marker=direct-db.argument
2026-08-18T15:59:50.014 pid=12900 tid=15076 marker=command-line.parse.complete
2026-08-18T15:59:50.015 pid=12900 tid=15076 marker=graphics-audio-input.load.begin
2026-08-18T15:59:50.016 pid=12900 tid=15076 marker=graphics-audio-input.init.begin
2026-08-18T15:59:50.017 pid=12900 tid=15076 marker=input.clear.complete
2026-08-18T15:59:50.017 pid=12900 tid=15076 marker=graphics.renderer.finalize.begin
2026-08-18T15:59:50.018 pid=12900 tid=15076 marker=graphics.renderer.init-command.begin
2026-08-18T15:59:50.019 pid=12900 tid=15076 marker=graphics.renderer.flush.begin
2026-08-18T15:59:50.381 pid=12900 tid=15076 marker=graphics.renderer.flush.complete
2026-08-18T15:59:50.425 pid=12900 tid=15076 marker=graphics.renderer.finalize.complete
2026-08-18T15:59:50.429 pid=12900 tid=15076 marker=audio.init.begin
2026-08-18T15:59:50.434 pid=12900 tid=15076 marker=audio.init.complete
2026-08-18T15:59:51.104 pid=12900 tid=15076 marker=graphics-audio-input.init.complete
2026-08-18T15:59:51.105 pid=12900 tid=15076 marker=graphics-audio-input.load.complete
2026-08-18T15:59:51.106 pid=12900 tid=15076 marker=window.init.begin
2026-08-18T15:59:51.107 pid=12900 tid=15076 marker=window.resize.complete
2026-08-18T15:59:51.107 pid=12900 tid=15076 marker=input.startup.begin
2026-08-18T15:59:51.237 pid=12900 tid=15076 marker=input.startup.complete
2026-08-18T15:59:51.266 pid=12900 tid=15076 marker=window.show.begin
2026-08-18T15:59:51.286 pid=12900 tid=15076 marker=window.show.complete
2026-08-18T15:59:51.293 pid=12900 tid=15076 marker=window.init.complete
2026-08-18T15:59:51.294 pid=12900 tid=15076 marker=network.init.begin
2026-08-18T15:59:51.295 pid=12900 tid=15076 marker=network.socket.init.complete
2026-08-18T15:59:51.296 pid=12900 tid=15076 marker=network.init.complete
2026-08-18T15:59:51.296 pid=12900 tid=15076 marker=resume-info.load.begin
2026-08-18T15:59:51.297 pid=12900 tid=15076 marker=resume-info.load.complete
2026-08-18T15:59:51.297 pid=12900 tid=15076 marker=credentials.apply.begin
2026-08-18T15:59:51.298 pid=12900 tid=15076 marker=credentials.apply.complete
2026-08-18T15:59:51.298 pid=12900 tid=15076 marker=data-load.call.begin
2026-08-18T15:59:51.299 pid=12900 tid=15076 marker=data-load.begin
2026-08-18T15:59:52.604 pid=12900 tid=15076 marker=network.comm-init.complete
2026-08-18T15:59:56.847 pid=12900 tid=15076 marker=data-load.complete
2026-08-18T15:59:56.847 pid=12900 tid=15076 marker=data-load.call.complete
2026-08-18T15:59:56.848 pid=12900 tid=15076 marker=game.before-loop.begin
2026-08-18T15:59:56.849 pid=12900 tid=15076 marker=login.quick.begin
2026-08-18T15:59:56.849 pid=12900 tid=15076 marker=login.auth.request
2026-08-18T15:59:56.849 pid=12900 tid=15076 marker=auth.login.begin
2026-08-18T15:59:56.850 pid=12900 tid=15076 marker=auth.login.direct-db.synthesis.begin
2026-08-18T15:59:56.854 pid=12900 tid=15076 marker=auth.login.direct-db.synthesis.complete
2026-08-18T15:59:56.899 pid=12900 tid=15076 marker=login.auth.complete
2026-08-18T15:59:56.901 pid=12900 tid=15076 marker=login.db.request
2026-08-18T15:59:56.901 pid=12900 tid=15076 marker=login.dbconnect.call.begin
2026-08-18T15:59:56.902 pid=12900 tid=15076 marker=db.login.begin
2026-08-18T15:59:56.907 pid=12900 tid=15076 marker=db.socket.connected
2026-08-18T15:59:56.927 pid=12900 tid=15076 marker=db.login.request-sent
2026-08-18T15:59:56.954 pid=12900 tid=15076 marker=db.login.response.players
2026-08-18T15:59:56.954 pid=12900 tid=15076 marker=login.dbconnect.call.complete
2026-08-18T15:59:56.954 pid=12900 tid=15076 marker=login.db.complete
2026-08-18T15:59:56.955 pid=12900 tid=15076 marker=character.selection.resume.begin
2026-08-18T15:59:56.955 pid=12900 tid=15076 marker=character.choose.request
2026-08-18T15:59:57.006 pid=12900 tid=15076 marker=db.map-connect.packet
2026-08-18T15:59:57.006 pid=12900 tid=15076 marker=character.choose.map-connect.response
2026-08-18T15:59:57.007 pid=12900 tid=15076 marker=character.choose.complete
2026-08-18T15:59:57.007 pid=12900 tid=15076 marker=character.selection.resume.complete
2026-08-18T15:59:57.010 pid=12900 tid=15076 marker=map.handoff.resume.begin
2026-08-18T15:59:57.011 pid=12900 tid=15076 marker=map.connect.begin
2026-08-18T15:59:57.100 pid=12900 tid=15076 marker=map.connect.start.complete
2026-08-18T15:59:57.136 pid=12900 tid=15076 marker=map.shortcuts.complete
2026-08-18T15:59:57.136 pid=12900 tid=15076 marker=map.connection.resume.complete
2026-08-18T15:59:57.137 pid=12900 tid=15076 marker=map.scene.resume.request
2026-08-18T15:59:57.137 pid=12900 tid=15076 marker=map.scene.request
2026-08-18T16:00:04.046 pid=12900 tid=15076 marker=map.scene.groups.complete
2026-08-18T16:00:04.384 pid=12900 tid=15076 marker=map.scene.entities.complete
2026-08-18T16:00:04.604 pid=12900 tid=15076 marker=map.scene.complete
2026-08-18T16:00:04.605 pid=12900 tid=15076 marker=map.scene.resume.complete
2026-08-18T16:00:04.605 pid=12900 tid=15076 marker=login.quick.complete
2026-08-18T16:00:04.607 pid=12900 tid=15076 marker=game.before-loop.login-complete
2026-08-18T16:00:04.611 pid=12900 tid=15076 marker=game.before-loop.complete
2026-08-18T16:00:04.612 pid=12900 tid=15076 marker=game-loop.call.begin
2026-08-18T16:00:04.614 pid=12900 tid=15076 marker=game-loop.enter
2026-08-18T16:00:04.616 pid=12900 tid=15076 marker=game-loop.engine-update.begin
2026-08-18T16:00:04.672 pid=12900 tid=15076 marker=game-loop.engine-update.complete
2026-08-18T16:00:04.673 pid=12900 tid=15076 marker=capture.wait comm=1 player=1 camera=0 mode=3 menu=0
2026-08-18T16:00:04.938 pid=12900 tid=15076 marker=capture.readiness.ready
2026-08-18T16:00:04.939 pid=12900 tid=15076 marker=capture.water state=2 waterFeature=1 multiFeature=1
2026-08-18T16:00:04.940 pid=12900 tid=15076 marker=capture.camera.fixed pos=100.00 105.48 -650.00
2026-08-18T16:00:04.940 pid=12900 tid=15076 marker=capture.camera.state cam=100.00 111.75 -658.43 pyr=0.0000 3.1416 0.0000 target=0.0000 3.1416 0.0000
2026-08-18T16:00:07.073 pid=12900 tid=15076 marker=capture.camera.screenshot-state cam=100.00 111.75 -678.97 pyr=0.0000 3.1416 0.0000 target=-0.0000 3.1416 0.0000
2026-08-18T16:00:07.074 pid=12900 tid=15076 marker=capture.screenshot.request
2026-08-18T16:00:07.148 pid=12900 tid=15076 marker=capture.quit.request
