2026-08-18T15:33:14.450 pid=32072 tid=23628 marker=process.start
2026-08-18T15:33:14.451 pid=32072 tid=23628 marker=registry.init.begin
2026-08-18T15:33:14.453 pid=32072 tid=23628 marker=registry.init.complete
2026-08-18T15:33:14.454 pid=32072 tid=23628 marker=folder-cache.init.begin
2026-08-18T15:33:14.482 pid=32072 tid=23628 marker=folder-cache.init.complete
2026-08-18T15:33:14.484 pid=32072 tid=23628 marker=config.lwc.init.begin
2026-08-18T15:33:14.484 pid=32072 tid=23628 marker=config.lwc.init.complete
2026-08-18T15:33:14.485 pid=32072 tid=23628 marker=command-line.parse0.begin
2026-08-18T15:33:14.486 pid=32072 tid=23628 marker=command-line.parse0.complete
2026-08-18T15:33:14.487 pid=32072 tid=23628 marker=config-load.begin
2026-08-18T15:33:14.821 pid=32072 tid=23628 marker=graphics.render-thread.start.begin
2026-08-18T15:33:15.055 pid=32072 tid=23628 marker=graphics.render-thread.start.complete
2026-08-18T15:33:15.088 pid=32072 tid=23628 marker=graphics.settings.apply.begin
2026-08-18T15:33:15.149 pid=32072 tid=23628 marker=graphics.settings.apply.complete
2026-08-18T15:33:15.151 pid=32072 tid=23628 marker=config-load.complete
2026-08-18T15:33:15.151 pid=32072 tid=23628 marker=command-line.parse.begin
2026-08-18T15:33:15.152 pid=32072 tid=23628 marker=direct-db.argument
2026-08-18T15:33:15.153 pid=32072 tid=23628 marker=command-line.parse.complete
2026-08-18T15:33:15.155 pid=32072 tid=23628 marker=graphics-audio-input.load.begin
2026-08-18T15:33:15.155 pid=32072 tid=23628 marker=graphics-audio-input.init.begin
2026-08-18T15:33:15.156 pid=32072 tid=23628 marker=input.clear.complete
2026-08-18T15:33:15.156 pid=32072 tid=23628 marker=graphics.renderer.finalize.begin
2026-08-18T15:33:15.157 pid=32072 tid=23628 marker=graphics.renderer.init-command.begin
2026-08-18T15:33:15.158 pid=32072 tid=23628 marker=graphics.renderer.flush.begin
2026-08-18T15:33:15.507 pid=32072 tid=23628 marker=graphics.renderer.flush.complete
2026-08-18T15:33:15.553 pid=32072 tid=23628 marker=graphics.renderer.finalize.complete
2026-08-18T15:33:15.557 pid=32072 tid=23628 marker=audio.init.begin
2026-08-18T15:33:15.562 pid=32072 tid=23628 marker=audio.init.complete
2026-08-18T15:33:16.231 pid=32072 tid=23628 marker=graphics-audio-input.init.complete
2026-08-18T15:33:16.232 pid=32072 tid=23628 marker=graphics-audio-input.load.complete
2026-08-18T15:33:16.232 pid=32072 tid=23628 marker=window.init.begin
2026-08-18T15:33:16.234 pid=32072 tid=23628 marker=window.resize.complete
2026-08-18T15:33:16.234 pid=32072 tid=23628 marker=input.startup.begin
2026-08-18T15:33:16.361 pid=32072 tid=23628 marker=input.startup.complete
2026-08-18T15:33:16.375 pid=32072 tid=23628 marker=window.show.begin
2026-08-18T15:33:16.399 pid=32072 tid=23628 marker=window.show.complete
2026-08-18T15:33:16.407 pid=32072 tid=23628 marker=window.init.complete
2026-08-18T15:33:16.407 pid=32072 tid=23628 marker=network.init.begin
2026-08-18T15:33:16.409 pid=32072 tid=23628 marker=network.socket.init.complete
2026-08-18T15:33:16.409 pid=32072 tid=23628 marker=network.init.complete
2026-08-18T15:33:16.410 pid=32072 tid=23628 marker=resume-info.load.begin
2026-08-18T15:33:16.411 pid=32072 tid=23628 marker=resume-info.load.complete
2026-08-18T15:33:16.412 pid=32072 tid=23628 marker=credentials.apply.begin
2026-08-18T15:33:16.412 pid=32072 tid=23628 marker=credentials.apply.complete
2026-08-18T15:33:16.413 pid=32072 tid=23628 marker=data-load.call.begin
2026-08-18T15:33:16.413 pid=32072 tid=23628 marker=data-load.begin
2026-08-18T15:33:17.741 pid=32072 tid=23628 marker=network.comm-init.complete
2026-08-18T15:33:21.890 pid=32072 tid=23628 marker=data-load.complete
2026-08-18T15:33:21.891 pid=32072 tid=23628 marker=data-load.call.complete
2026-08-18T15:33:21.891 pid=32072 tid=23628 marker=game.before-loop.begin
2026-08-18T15:33:21.892 pid=32072 tid=23628 marker=login.quick.begin
2026-08-18T15:33:21.892 pid=32072 tid=23628 marker=login.auth.request
2026-08-18T15:33:21.893 pid=32072 tid=23628 marker=auth.login.begin
2026-08-18T15:33:21.893 pid=32072 tid=23628 marker=auth.login.direct-db.synthesis.begin
2026-08-18T15:33:21.897 pid=32072 tid=23628 marker=auth.login.direct-db.synthesis.complete
2026-08-18T15:33:21.941 pid=32072 tid=23628 marker=login.auth.complete
2026-08-18T15:33:21.942 pid=32072 tid=23628 marker=login.db.request
2026-08-18T15:33:21.943 pid=32072 tid=23628 marker=login.dbconnect.call.begin
2026-08-18T15:33:21.943 pid=32072 tid=23628 marker=db.login.begin
2026-08-18T15:33:21.948 pid=32072 tid=23628 marker=db.socket.connected
2026-08-18T15:33:21.969 pid=32072 tid=23628 marker=db.login.request-sent
2026-08-18T15:33:21.995 pid=32072 tid=23628 marker=db.login.response.players
2026-08-18T15:33:21.995 pid=32072 tid=23628 marker=login.dbconnect.call.complete
2026-08-18T15:33:21.995 pid=32072 tid=23628 marker=login.db.complete
2026-08-18T15:33:21.996 pid=32072 tid=23628 marker=character.selection.resume.begin
2026-08-18T15:33:21.996 pid=32072 tid=23628 marker=character.choose.request
2026-08-18T15:33:22.027 pid=32072 tid=23628 marker=db.map-connect.packet
2026-08-18T15:33:22.027 pid=32072 tid=23628 marker=character.choose.map-connect.response
2026-08-18T15:33:22.028 pid=32072 tid=23628 marker=character.choose.complete
2026-08-18T15:33:22.028 pid=32072 tid=23628 marker=character.selection.resume.complete
2026-08-18T15:33:22.031 pid=32072 tid=23628 marker=map.handoff.resume.begin
2026-08-18T15:33:22.032 pid=32072 tid=23628 marker=map.connect.begin
2026-08-18T15:33:22.123 pid=32072 tid=23628 marker=map.connect.start.complete
2026-08-18T15:33:22.161 pid=32072 tid=23628 marker=map.shortcuts.complete
2026-08-18T15:33:22.161 pid=32072 tid=23628 marker=map.connection.resume.complete
2026-08-18T15:33:22.162 pid=32072 tid=23628 marker=map.scene.resume.request
2026-08-18T15:33:22.162 pid=32072 tid=23628 marker=map.scene.request
2026-08-18T15:33:28.883 pid=32072 tid=23628 marker=map.scene.groups.complete
2026-08-18T15:33:29.122 pid=32072 tid=23628 marker=map.scene.entities.complete
2026-08-18T15:33:29.333 pid=32072 tid=23628 marker=map.scene.complete
2026-08-18T15:33:29.334 pid=32072 tid=23628 marker=map.scene.resume.complete
2026-08-18T15:33:29.334 pid=32072 tid=23628 marker=login.quick.complete
2026-08-18T15:33:29.337 pid=32072 tid=23628 marker=game.before-loop.login-complete
2026-08-18T15:33:29.339 pid=32072 tid=23628 marker=game.before-loop.complete
2026-08-18T15:33:29.340 pid=32072 tid=23628 marker=game-loop.call.begin
2026-08-18T15:33:29.342 pid=32072 tid=23628 marker=game-loop.enter
2026-08-18T15:33:29.343 pid=32072 tid=23628 marker=game-loop.engine-update.begin
2026-08-18T15:33:29.391 pid=32072 tid=23628 marker=game-loop.engine-update.complete
2026-08-18T15:33:29.391 pid=32072 tid=23628 marker=capture.wait comm=1 player=1 camera=0 mode=3 menu=0
2026-08-18T15:33:29.639 pid=32072 tid=23628 marker=capture.readiness.ready
2026-08-18T15:33:29.640 pid=32072 tid=23628 marker=capture.water state=2 waterFeature=1 multiFeature=1
2026-08-18T15:33:29.641 pid=32072 tid=23628 marker=capture.camera.fixed pos=100.00 105.48 -650.00
2026-08-18T15:33:29.641 pid=32072 tid=23628 marker=capture.camera.state cam=100.00 111.75 -658.17 pyr=0.0000 3.1416 0.0000 target=-0.0000 3.1416 0.0000
2026-08-18T15:33:31.725 pid=32072 tid=23628 marker=capture.camera.screenshot-state cam=100.00 111.75 -678.96 pyr=0.0000 3.1416 0.0000 target=0.0000 3.1416 0.0000
2026-08-18T15:33:31.726 pid=32072 tid=23628 marker=capture.screenshot.request
2026-08-18T15:33:31.783 pid=32072 tid=23628 marker=capture.quit.request
